// Jest Snapshot v1, https://goo.gl/fbAQLP

exports[`NavBar renders a snapshot properly 1`] = `
<nav
  aria-label="main navigation"
  className="navbar is-dark"
>
  <section
    className="container"
  >
    <div
      className="navbar-brand"
    >
      <strong
        className="navbar-item"
      >
        Hello, World!
      </strong>
    </div>
    <div
      className="navbar-menu"
    >
      <a
        className="navbar-item"
        href="/"
        onClick={[Function]}
      >
        Home
      </a>
      <a
        className="navbar-item"
        href="/about"
        onClick={[Function]}
      >
        About
      </a>
      <a
        className="navbar-item"
        href="/status"
        onClick={[Function]}
      >
        User Status
      </a>
    </div>
    <div
      className="navbar-end"
    >
      <a
        className="navbar-item"
        href="/register"
        onClick={[Function]}
      >
        Register
      </a>
      <a
        className="navbar-item"
        href="/login"
        onClick={[Function]}
      >
        Log In
      </a>
      <a
        className="navbar-item"
        href="/register"
        onClick={[Function]}
      >
        Log out
      </a>
    </div>
  </section>
</nav>
`;
